20:37:35 **** Incremental Build of configuration Debug for project Lab1-Exercise5 ****
make -j12 all 
arm-none-eabi-gcc "../Core/Src/main.c" -mcpu=cortex-m3 -std=gnu11 -g3 -DDEBUG -DUSE_HAL_DRIVER -DSTM32F103x6 -c -I../Core/Inc -I../Drivers/STM32F1xx_HAL_Driver/Inc -I../Drivers/STM32F1xx_HAL_Driver/Inc/Legacy -I../Drivers/CMSIS/Device/ST/STM32F1xx/Include -I../Drivers/CMSIS/Include -O0 -ffunction-sections -fdata-sections -Wall -fstack-usage -MMD -MP -MF"Core/Src/main.d" -MT"Core/Src/main.o" --specs=nano.specs -mfloat-abi=soft -mthumb -o "Core/Src/main.o"
arm-none-eabi-gcc -o "Lab1-Exercise5.elf" @"objects.list"   -mcpu=cortex-m3 -T"E:\VXL LAB\LAB 1\CODE\Lab1-Exercise5\STM32F103C6UX_FLASH.ld" --specs=nosys.specs -Wl,-Map="Lab1-Exercise5.map" -Wl,--gc-sections -static --specs=nano.specs -mfloat-abi=soft -mthumb -Wl,--start-group -lc -lm -Wl,--end-group
Finished building target: Lab1-Exercise5.elf
 
arm-none-eabi-size   Lab1-Exercise5.elf 
arm-none-eabi-objdump -h -S  Lab1-Exercise5.elf  > "Lab1-Exercise5.list"
arm-none-eabi-objcopy  -O ihex  Lab1-Exercise5.elf  "Lab1-Exercise5.hex"
arm-none-eabi-objcopy  -O binary  Lab1-Exercise5.elf  "Lab1-Exercise5.bin"
   text	   data	    bss	    dec	    hex	filename
   5796	     20	   1572	   7388	   1cdc	Lab1-Exercise5.elf
Finished building: default.size.stdout
 
Finished building: Lab1-Exercise5.hex
Finished building: Lab1-Exercise5.bin
Finished building: Lab1-Exercise5.list
 
 
 

20:37:36 Build Finished. 0 errors, 0 warnings. (took 1s.37ms)

